{
  "data": {
    "config": {
      "basePath": "http://localhost:3000/",
      "emptyGuid": "00000000-0000-0000-0000-000000000000"
    }
  }
}
